[jeffreytse.github.io/jekyll-theme-yat/index.html]
[backblue.gif]
[fade.gif]
[index.html]
[cdnjs.cloudflare.com/ajax/libs/font-awesome/4.7.0/css/font-awesome.min.css]
[cdn.jsdelivr.net/npm/typeface-noto-sans@0.0.72/index.min.css]
[jeffreytse.github.io/jekyll-theme-yat/assets/css/main.css]
[jeffreytse.github.io/jekyll-theme-yat/assets/js/main.js]
[jeffreytse.github.io/jekyll-theme-yat/feed.xml]
[cdnjs.cloudflare.com/ajax/libs/highlight.js/10.1.1/styles/default.min.css]
[cdnjs.cloudflare.com/ajax/libs/highlight.js/10.1.1/highlight.min.js]
[cdnjs.cloudflare.com/ajax/libs/highlight.js/10.1.1/languages/go.min.js]
[cdnjs.cloudflare.com/ajax/libs/photoswipe/5.3.7/umd/photoswipe-lightbox.umd.min.js]
[cdnjs.cloudflare.com/ajax/libs/photoswipe/5.3.7/umd/photoswipe.umd.min.js]
[cdnjs.cloudflare.com/ajax/libs/photoswipe/5.3.7/photoswipe.min.css]
[cdn.jsdelivr.net/npm/mathjax@3/es5/tex-mml-chtml.js]
[jeffreytse.github.io/jekyll-theme-yat/about.html]
[jeffreytse.github.io/jekyll-theme-yat/archives.html]
[jeffreytse.github.io/jekyll-theme-yat/categories.html]
[jeffreytse.github.io/jekyll-theme-yat/tags.html]
[cdn.countryflags.com/thumbs/united-states-of-america/flag-400.png]
[cdn.countryflags.com/thumbs/france/flag-400.png]
[cdn.countryflags.com/thumbs/china/flag-400.png]
[cdn.countryflags.com/thumbs/japan/flag-400.png]
[cdn.countryflags.com/thumbs/south-korea/flag-400.png]
[cdn.countryflags.com/thumbs/russia/flag-400.png]
[translate.google.com/translate_a/elementa0d8.js]
[jeffreytse.github.io/jekyll-theme-yat/assets/images/banners/home.jpg]
[jeffreytse.github.io/jekyll-theme-yat/jekyll/2015/01/01/welcome-to-jekyll.html]
[jeffreytse.github.io/jekyll-theme-yat/markdown/2017/06/10/quick-mardown-example.html]
[jeffreytse.github.io/jekyll-theme-yat/markdown/2018/12/05/an-exhibit-of-markdown.html]
[jeffreytse.github.io/jekyll-theme-yat/assets/images/default-image.jpg]
[jeffreytse.github.io/jekyll-theme-yat/markdown/2018/05/26/mathjax-test.html]
[jeffreytse.github.io/jekyll-theme-yat/example/2017/12/18/video-example.html]
[jeffreytse.github.io/jekyll-theme-yat/example/2017/12/15/table-example.html]
[jeffreytse.github.io/jekyll-theme-yat/example/2017/12/08/mermaid-example.html]
[jeffreytse.github.io/jekyll-theme-yat/example/2017/12/04/plantuml-example.html]
[jeffreytse.github.io/jekyll-theme-yat/junk/2017/05/20/this-post-demonstrates-post-content-styles.html]
[jeffreytse.github.io/jekyll-theme-yat/junk/2016/08/12/my-example-post.html]
[jeffreytse.github.io/jekyll-theme-yat/misc/2016/05/20/super-long-article.html]
[jeffreytse.github.io/jekyll-theme-yat/misc/2016/05/19/super-short-article.html]
[jeffreytse.github.io/jekyll-theme-yat/markdown/2016/01/01/another-test-markdown.html]
[jeffreytse.github.io/jekyll-theme-yat/markdown/2015/02/28/test-markdown.html]
[jeffreytse.github.io/jekyll-theme-yat/index-2.html]
[jeffreytse.github.io/jekyll-theme-yat/index.html]
[github.githubassets.com/images/icons/emoji/unicode/1f3a8.png]
[jeffreytse.github.io/jekyll-theme-yat/about.html]
[jeffreytse.github.io/jekyll-theme-yat/archives.html]
[jeffreytse.github.io/jekyll-theme-yat/categories.html]
[jeffreytse.github.io/jekyll-theme-yat/tags.html]
[jeffreytse.github.io/jekyll-theme-yat/jekyll/2015/01/01/welcome-to-jekyll.html]
[github-production-user-asset-6210df.s3.amazonaws.com/9413601/269894836-2ed22d49-90b1-4f7e-8e8f-b77b21dee5053dbb.gif]
[jeffreytse.github.io/jekyll-theme-yat/markdown/2017/06/10/local-doc.html]
[jeffreytse.github.io/jekyll-theme-yat/markdown/2017/06/10/quick-mardown-example.html]
[jeffreytse.github.io/jekyll-theme-yat/markdown/2018/12/05/an-exhibit-of-markdown.html]
[jeffreytse.github.io/jekyll-theme-yat/markdown/2018/05/26/mathjax-test.html]
[jeffreytse.github.io/jekyll-theme-yat/example/2017/12/18/video-example.html]
[user-images.githubusercontent.com/9413601/123900693-1d9ebd00-d99c-11eb-8e9e-cf7879187606.png]
[www.unexpected-vortices.com/sw/rippledoc/example-image.jpg]
[jeffreytse.github.io/jekyll-theme-yat/example/2017/12/15/table-example.html]
[jeffreytse.github.io/jekyll-theme-yat/example/2017/12/08/mermaid-example.html]
[mermaid.ink/svg/eyJjb2RlIjoicGllIHRpdGxlIFBldHMgYWRvcHRlZCBieSB2b2x1bnRlZXJzXG5cIkRvZ3NcIiA6IDM4NlxuXCJDYXRzXCIgOiA4NVxuXCJSYXRzXCIgOiAzNSIsIm1lcm1haWQiOm51bGx9.svg]
[www.plantuml.com/plantuml/svg/_h407374617274756d6c0a426f62202d3e20416c696365203a2068656c6c6f0a40656e64756d6c.svg]
[mermaid.ink/svg/eyJjb2RlIjoiZ3JhcGggVERcbkFbQ2hyaXN0bWFzXSAtLT58R2V0IG1vbmV5fCBCKEdvIHNob3BwaW5nKVxuQiAtLT4gQ3tMZXQgbWUgdGhpbmt9XG5DIC0tPnxPbmV8IERbTGFwdG9wXVxuQyAtLT58VHdvfCBFW2lQaG9uZV1cbkMgLS0-fFRocmV]
[mermaid.ink/svg/eyJjb2RlIjoic2VxdWVuY2VEaWFncmFtXG5BbGljZSAtPj4gQm9iOiBIZWxsbyBCb2IsIGhvdyBhcmUgeW91P1xuQm9iLS0-PkpvaG46IEhvdyBhYm91dCB5b3UgSm9obj9cbkJvYi0teCBBbGljZTogSSBhbSBnb29kIHRoYW5rcyFcbkJvYi14IEp]
[mermaid.ink/svg/eyJjb2RlIjoiY2xhc3NEaWFncmFtXG5BbmltYWwgPHwtLSBEdWNrXG5BbmltYWwgPHwtLSBGaXNoXG5BbmltYWwgPHwtLSBaZWJyYVxuQW5pbWFsIDogK2ludCBhZ2VcbkFuaW1hbCA6ICtTdHJpbmcgZ2VuZGVyXG5BbmltYWw6ICtpc01hbW1hbCg]
[jeffreytse.github.io/jekyll-theme-yat/example/2017/12/04/plantuml-example.html]
[www.plantuml.com/plantuml/svg/_h407374617274756d6c0a426f62202d3e20416c696365203a2068656c6c6f20776f726c640a40656e64756d6c.svg]
[mermaid.ink/svg/eyJjb2RlIjoic3RhdGVEaWFncmFtXG5bKl0gLS0-IFN0aWxsXG5TdGlsbCAtLT4gWypdXG4lJS1cblN0aWxsIC0tPiBNb3Zpbmdcbk1vdmluZyAtLT4gU3RpbGxcbk1vdmluZyAtLT4gQ3Jhc2hcbkNyYXNoIC0tPiBbKl0iLCJtZXJtYWlkIjpudWx]
[jeffreytse.github.io/jekyll-theme-yat/junk/2017/05/20/this-post-demonstrates-post-content-styles.html]
[jeffreytse.github.io/jekyll-theme-yat/junk/2016/08/12/my-example-post.html]
[jeffreytse.github.io/jekyll-theme-yat/misc/2016/05/20/super-long-article.html]
[jeffreytse.github.io/jekyll-theme-yat/misc/2016/05/19/super-short-article.html]
[www.plantuml.com/plantuml/svg/_h407374617274756d6c0a282a29202d2d3e2022496e697469616c697a6174696f6e220a0a69662022536f6d65205465737422207468656e0a20202d2d3e5b747275655d2022536f6d65204163746976697479220a202]
[www.plantuml.com/plantuml/svg/_h407374617274756d6c0a736b696e706172616d2068616e647772697474656e20747275650a0a736b696e706172616d2075736563617365207b0a20204261636b67726f756e64436f6c6f72204461726b53656147726]
[github.githubassets.com/images/icons/emoji/unicode/1f44d.png]
[github.githubassets.com/images/icons/emoji/unicode/1f1e7-1f1f4.png]
[jekyllrb.com/img/octojekyll.png]
[avatars3.githubusercontent.com/hubota31c.png]
[mermaid.ink/svg/eyJjb2RlIjoiZ3JhcGggTFJcbmNvbmN1cnJlbnQuZnV0dXJlcyAtLS0-fCBvbiB0b3Agb2YgfCB0aHJlYWRpbmdcbmNvbmN1cnJlbnQuZnV0dXJlcyAtLS0-fCBvbiB0b3Agb2YgfCBtdWx0aXByb2Nlc3NpbmdcbnRocmVhZGluZyAtLS0-fCBvbiB]
[hpr.dogphilosophy.net/test/opus.opus]
[hpr.dogphilosophy.net/test/mp3.mp3]
[hpr.dogphilosophy.net/test/weba.weba]
[hpr.dogphilosophy.net/test/ogg.ogg]
[hpr.dogphilosophy.net/test/wav.wav]
[hpr.dogphilosophy.net/test/flac.flac]
[hpr.dogphilosophy.net/test/cafopus.caf]
[jeffreytse.github.io/jekyll-theme-yat/assets/videos/devstories.webm]
[jeffreytse.github.io/jekyll-theme-yat/markdown/2016/01/01/another-test-markdown.html]
[s3-media3.fl.yelpcdn.com/bphoto/cQ1Yoa75m2yUFFbY2xwuqw/348s.jpg]
[github.githubassets.com/images/icons/emoji/unicode/2709.png]
[jeffreytse.github.io/jekyll-theme-yat/markdown/2015/02/28/test-markdown.html]
[jeffreytse.github.io/jekyll-theme-yat/index-2.html]
[jeffreytse.github.io/jekyll-theme-yat/markdown/2017/06/10/local-doc.html]
[mermaid.ink/svg/eyJjb2RlIjoicGllIHRpdGxlIFBldHMgYWRvcHRlZCBieSB2b2x1bnRlZXJzXG5cIkRvZ3NcIiA6IDM4NlxuXCJDYXRzXCIgOiA4NVxuXCJSYXRzXCIgOiAzNSIsIm1lcm1haWQiOm51bGx9.svg]
[mermaid.ink/svg/eyJjb2RlIjoic2VxdWVuY2VEaWFncmFtXG5BbGljZSAtPj4gQm9iOiBIZWxsbyBCb2IsIGhvdyBhcmUgeW91P1xuQm9iLS0-PkpvaG46IEhvdyBhYm91dCB5b3UgSm9obj9cbkJvYi0teCBBbGljZTogSSBhbSBnb29kIHRoYW5rcyFcbkJvYi14IEp]
[mermaid.ink/svg/eyJjb2RlIjoiZ3JhcGggVERcbkFbQ2hyaXN0bWFzXSAtLT58R2V0IG1vbmV5fCBCKEdvIHNob3BwaW5nKVxuQiAtLT4gQ3tMZXQgbWUgdGhpbmt9XG5DIC0tPnxPbmV8IERbTGFwdG9wXVxuQyAtLT58VHdvfCBFW2lQaG9uZV1cbkMgLS0-fFRocmV]
[mermaid.ink/svg/eyJjb2RlIjoiY2xhc3NEaWFncmFtXG5BbmltYWwgPHwtLSBEdWNrXG5BbmltYWwgPHwtLSBGaXNoXG5BbmltYWwgPHwtLSBaZWJyYVxuQW5pbWFsIDogK2ludCBhZ2VcbkFuaW1hbCA6ICtTdHJpbmcgZ2VuZGVyXG5BbmltYWw6ICtpc01hbW1hbCg]
[mermaid.ink/svg/eyJjb2RlIjoic3RhdGVEaWFncmFtXG5bKl0gLS0-IFN0aWxsXG5TdGlsbCAtLT4gWypdXG4lJS1cblN0aWxsIC0tPiBNb3Zpbmdcbk1vdmluZyAtLT4gU3RpbGxcbk1vdmluZyAtLT4gQ3Jhc2hcbkNyYXNoIC0tPiBbKl0iLCJtZXJtYWlkIjpudWx]
[www.plantuml.com/plantuml/svg/_h407374617274756d6c0a426f62202d3e20416c696365203a2068656c6c6f0a40656e64756d6c.svg]
[www.plantuml.com/plantuml/svg/_h407374617274756d6c0a426f62202d3e20416c696365203a2068656c6c6f20776f726c640a40656e64756d6c.svg]
[www.plantuml.com/plantuml/svg/_h407374617274756d6c0a282a29202d2d3e2022496e697469616c697a6174696f6e220a0a69662022536f6d65205465737422207468656e0a20202d2d3e5b747275655d2022536f6d65204163746976697479220a202]
[www.plantuml.com/plantuml/svg/_h407374617274756d6c0a736b696e706172616d2068616e647772697474656e20747275650a0a736b696e706172616d2075736563617365207b0a20204261636b67726f756e64436f6c6f72204461726b53656147726]
[mermaid.ink/svg/eyJjb2RlIjoiZ3JhcGggTFJcbmNvbmN1cnJlbnQuZnV0dXJlcyAtLS0-fCBvbiB0b3Agb2YgfCB0aHJlYWRpbmdcbmNvbmN1cnJlbnQuZnV0dXJlcyAtLS0-fCBvbiB0b3Agb2YgfCBtdWx0aXByb2Nlc3NpbmdcbnRocmVhZGluZyAtLS0-fCBvbiB]
[cdnjs.cloudflare.com/ajax/libs/photoswipe/5.3.7/umd/photoswipe-lightbox.umd.min.js]
[cdnjs.cloudflare.com/ajax/libs/highlight.js/10.1.1/highlight.min.js]
[cdnjs.cloudflare.com/ajax/libs/photoswipe/5.3.7/umd/photoswipe.umd.min.js]
[cdnjs.cloudflare.com/ajax/libs/highlight.js/10.1.1/languages/go.min.js]
[cdnjs.cloudflare.com/ajax/libs/font-awesome/4.7.0/css/font-awesome.min.css]
[translate.google.com/translate_a/elementa0d8.js]
[cdnjs.cloudflare.com/ajax/libs/font-awesome/4.7.0/fonts/fontawesome-webfont3e6e.svg]
[cdn.jsdelivr.net/npm/typeface-noto-sans@0.0.72/files/noto-sans-latin-400.woff2]
[cdn.jsdelivr.net/npm/typeface-noto-sans@0.0.72/files/noto-sans-latin-400.woff]
[github.githubassets.com/images/icons/emoji/unicode/1f44d.png]
[user-images.githubusercontent.com/9413601/123900693-1d9ebd00-d99c-11eb-8e9e-cf7879187606.png]
[cdn.jsdelivr.net/npm/typeface-noto-sans@0.0.72/files/noto-sans-latin-400italic.woff2]
[cdn.jsdelivr.net/npm/typeface-noto-sans@0.0.72/files/noto-sans-latin-400italic.woff]
[hpr.dogphilosophy.net/test/mp3.mp3]
[hpr.dogphilosophy.net/test/opus.opus]
[jekyllrb.com/img/octojekyll.png]
[cdn.jsdelivr.net/npm/typeface-noto-sans@0.0.72/files/noto-sans-latin-700.woff2]
[hpr.dogphilosophy.net/test/weba.weba]
[hpr.dogphilosophy.net/test/ogg.ogg]
[hpr.dogphilosophy.net/test/wav.wav]
[cdn.jsdelivr.net/npm/typeface-noto-sans@0.0.72/files/noto-sans-latin-700.woff]
[hpr.dogphilosophy.net/test/flac.flac]
[hpr.dogphilosophy.net/test/cafopus.caf]
[jeffreytse.github.io/jekyll-theme-yat/assets/videos/devstories.webm]
[cdn.jsdelivr.net/npm/typeface-noto-sans@0.0.72/files/noto-sans-latin-700italic.woff2]
[s3-media3.fl.yelpcdn.com/bphoto/cQ1Yoa75m2yUFFbY2xwuqw/348s.jpg]
[cdn.jsdelivr.net/npm/typeface-noto-sans@0.0.72/files/noto-sans-latin-700italic.woff]
[cdn.jsdelivr.net/npm/typeface-noto-sans@0.0.72/index.min.css]
[jeffreytse.github.io/jekyll-theme-yat/assets/css/main.css]
[cdnjs.cloudflare.com/ajax/libs/highlight.js/10.1.1/styles/default.min.css]
[cdnjs.cloudflare.com/ajax/libs/photoswipe/5.3.7/photoswipe.min.css]
[jeffreytse.github.io/jekyll-theme-yat/about.html]
[jeffreytse.github.io/jekyll-theme-yat/jekyll/2015/01/01/welcome-to-jekyll.html]
[jeffreytse.github.io/jekyll-theme-yat/markdown/2017/06/10/local-doc.html]
[mermaid.ink/svg/eyJjb2RlIjoiZ3JhcGggTFJcbmNvbmN1cnJlbnQuZnV0dXJlcyAtLS0-fCBvbiB0b3Agb2YgfCB0aHJlYWRpbmdcbmNvbmN1cnJlbnQuZnV0dXJlcyAtLS0-fCBvbiB0b3Agb2YgfCBtdWx0aXByb2Nlc3NpbmdcbnRocmVhZGluZyAtLS0-fCBvbiB]
[mermaid.ink/svg/eyJjb2RlIjoiZ3JhcGggTFJcbmNvbmN1cnJlbnQuZnV0dXJlcyAtLS0-fCBvbiB0b3Agb2YgfCB0aHJlYWRpbmdcbmNvbmN1cnJlbnQuZnV0dXJlcyAtLS0-fCBvbiB0b3Agb2YgfCBtdWx0aXByb2Nlc3NpbmdcbnRocmVhZGluZyAtLS0-fCBvbiB]
[cdnjs.cloudflare.com/ajax/libs/font-awesome/4.7.0/fonts/fontawesome-webfont3e6e.svg]
[polyfill.io/v3/polyfill.min1162.js]
